Archive member included to satisfy reference by file (symbol)

c:/program files/gnu tools arm embedded/8 2018-q4-major/bin/../lib/gcc/arm-none-eabi/8.2.1/thumb/v7-m/nofp\libgcc.a(_arm_addsubsf3.o)
                              ..\obj\appMain.o (__aeabi_i2f)
c:/program files/gnu tools arm embedded/8 2018-q4-major/bin/../lib/gcc/arm-none-eabi/8.2.1/thumb/v7-m/nofp\libgcc.a(_arm_muldivsf3.o)
                              ..\obj\appMain.o (__aeabi_fmul)
c:/program files/gnu tools arm embedded/8 2018-q4-major/bin/../lib/gcc/arm-none-eabi/8.2.1/thumb/v7-m/nofp\libgcc.a(_arm_fixunssfsi.o)
                              ..\obj\appMain.o (__aeabi_f2uiz)
c:/program files/gnu tools arm embedded/8 2018-q4-major/bin/../lib/gcc/arm-none-eabi/8.2.1/../../../../arm-none-eabi/lib/thumb/v7-m/nofp\libg.a(lib_a-exit.o)
                              c:/program files/gnu tools arm embedded/8 2018-q4-major/bin/../lib/gcc/arm-none-eabi/8.2.1/../../../../arm-none-eabi/lib/thumb/v7-m/nofp/crt0.o (exit)
c:/program files/gnu tools arm embedded/8 2018-q4-major/bin/../lib/gcc/arm-none-eabi/8.2.1/../../../../arm-none-eabi/lib/thumb/v7-m/nofp\libg.a(lib_a-impure.o)
                              c:/program files/gnu tools arm embedded/8 2018-q4-major/bin/../lib/gcc/arm-none-eabi/8.2.1/../../../../arm-none-eabi/lib/thumb/v7-m/nofp\libg.a(lib_a-exit.o) (_global_impure_ptr)
c:/program files/gnu tools arm embedded/8 2018-q4-major/bin/../lib/gcc/arm-none-eabi/8.2.1/../../../../arm-none-eabi/lib/thumb/v7-m/nofp\libg.a(lib_a-init.o)
                              c:/program files/gnu tools arm embedded/8 2018-q4-major/bin/../lib/gcc/arm-none-eabi/8.2.1/../../../../arm-none-eabi/lib/thumb/v7-m/nofp/crt0.o (__libc_init_array)
c:/program files/gnu tools arm embedded/8 2018-q4-major/bin/../lib/gcc/arm-none-eabi/8.2.1/../../../../arm-none-eabi/lib/thumb/v7-m/nofp\libg.a(lib_a-malloc.o)
                              ..\obj\usbd_midi_conf.o (free)
c:/program files/gnu tools arm embedded/8 2018-q4-major/bin/../lib/gcc/arm-none-eabi/8.2.1/../../../../arm-none-eabi/lib/thumb/v7-m/nofp\libg.a(lib_a-mallocr.o)
                              c:/program files/gnu tools arm embedded/8 2018-q4-major/bin/../lib/gcc/arm-none-eabi/8.2.1/../../../../arm-none-eabi/lib/thumb/v7-m/nofp\libg.a(lib_a-malloc.o) (_malloc_r)
c:/program files/gnu tools arm embedded/8 2018-q4-major/bin/../lib/gcc/arm-none-eabi/8.2.1/../../../../arm-none-eabi/lib/thumb/v7-m/nofp\libg.a(lib_a-memcpy.o)
                              ..\obj\sysHelpers.o (memcpy)
c:/program files/gnu tools arm embedded/8 2018-q4-major/bin/../lib/gcc/arm-none-eabi/8.2.1/../../../../arm-none-eabi/lib/thumb/v7-m/nofp\libg.a(lib_a-memset.o)
                              c:/program files/gnu tools arm embedded/8 2018-q4-major/bin/../lib/gcc/arm-none-eabi/8.2.1/../../../../arm-none-eabi/lib/thumb/v7-m/nofp/crt0.o (memset)
c:/program files/gnu tools arm embedded/8 2018-q4-major/bin/../lib/gcc/arm-none-eabi/8.2.1/../../../../arm-none-eabi/lib/thumb/v7-m/nofp\libg.a(lib_a-mlock.o)
                              c:/program files/gnu tools arm embedded/8 2018-q4-major/bin/../lib/gcc/arm-none-eabi/8.2.1/../../../../arm-none-eabi/lib/thumb/v7-m/nofp\libg.a(lib_a-mallocr.o) (__malloc_lock)
c:/program files/gnu tools arm embedded/8 2018-q4-major/bin/../lib/gcc/arm-none-eabi/8.2.1/../../../../arm-none-eabi/lib/thumb/v7-m/nofp\libg.a(lib_a-__call_atexit.o)
                              c:/program files/gnu tools arm embedded/8 2018-q4-major/bin/../lib/gcc/arm-none-eabi/8.2.1/../../../../arm-none-eabi/lib/thumb/v7-m/nofp\libg.a(lib_a-exit.o) (__call_exitprocs)
c:/program files/gnu tools arm embedded/8 2018-q4-major/bin/../lib/gcc/arm-none-eabi/8.2.1/../../../../arm-none-eabi/lib/thumb/v7-m/nofp\libg.a(lib_a-atexit.o)
                              c:/program files/gnu tools arm embedded/8 2018-q4-major/bin/../lib/gcc/arm-none-eabi/8.2.1/../../../../arm-none-eabi/lib/thumb/v7-m/nofp\libg.a(lib_a-__call_atexit.o) (atexit)
c:/program files/gnu tools arm embedded/8 2018-q4-major/bin/../lib/gcc/arm-none-eabi/8.2.1/../../../../arm-none-eabi/lib/thumb/v7-m/nofp\libg.a(lib_a-fini.o)
                              c:/program files/gnu tools arm embedded/8 2018-q4-major/bin/../lib/gcc/arm-none-eabi/8.2.1/../../../../arm-none-eabi/lib/thumb/v7-m/nofp\libg.a(lib_a-__call_atexit.o) (__libc_fini_array)
c:/program files/gnu tools arm embedded/8 2018-q4-major/bin/../lib/gcc/arm-none-eabi/8.2.1/../../../../arm-none-eabi/lib/thumb/v7-m/nofp\libg.a(lib_a-freer.o)
                              c:/program files/gnu tools arm embedded/8 2018-q4-major/bin/../lib/gcc/arm-none-eabi/8.2.1/../../../../arm-none-eabi/lib/thumb/v7-m/nofp\libg.a(lib_a-malloc.o) (_free_r)
c:/program files/gnu tools arm embedded/8 2018-q4-major/bin/../lib/gcc/arm-none-eabi/8.2.1/../../../../arm-none-eabi/lib/thumb/v7-m/nofp\libg.a(lib_a-lock.o)
[...]
Memory Configuration

Name             Origin             Length             Attributes
rom              0x08000000         0x00020000         xr
ram              0x20000000         0x00005000         xrw
*default*        0x00000000         0xffffffff

Linker script and memory map

LOAD c:/program files/gnu tools arm embedded/8 2018-q4-major/bin/../lib/gcc/arm-none-eabi/8.2.1/thumb/v7-m/nofp/crti.o
LOAD c:/program files/gnu tools arm embedded/8 2018-q4-major/bin/../lib/gcc/arm-none-eabi/8.2.1/thumb/v7-m/nofp/crtbegin.o
LOAD c:/program files/gnu tools arm embedded/8 2018-q4-major/bin/../lib/gcc/arm-none-eabi/8.2.1/../../../../arm-none-eabi/lib/thumb/v7-m/nofp/crt0.o
                0x20005000                _eram = 0x20005000

.text           0x08000000    0x1c01c
 *(.isr_vector)
 .isr_vector    0x08000000      0x10c ..\obj\startup_stm32f103xb.o
                0x08000000                g_pfnVectors
 *(.text*)
 .text          0x0800010c       0x40 c:/program files/gnu tools arm embedded/8 2018-q4-major/bin/../lib/gcc/arm-none-eabi/8.2.1/thumb/v7-m/nofp/crtbegin.o
 .text.HAL_RCCEx_PeriphCLKConfig
                0x0800014c      0x1bc ..\obj\stm32f1xx_hal_rcc_ex.o
                0x0800014c                HAL_RCCEx_PeriphCLKConfig
 .text.HAL_Init
                0x08000308       0x2c ..\obj\stm32f1xx_hal.o
                0x08000308                HAL_Init
 .text.HAL_InitTick
                0x08000334       0x38 ..\obj\stm32f1xx_hal.o
                0x08000334                HAL_InitTick
 .text.HAL_IncTick
                0x0800036c       0x1c ..\obj\stm32f1xx_hal.o
                0x0800036c                HAL_IncTick
 .text.HAL_GetTick
                0x08000388       0x14 ..\obj\stm32f1xx_hal.o
                0x08000388                HAL_GetTick
 .text.HAL_Delay
                0x0800039c       0x2c ..\obj\stm32f1xx_hal.o
                0x0800039c                HAL_Delay
 .text.sysInitialization
                0x080003c8       0x28 ..\obj\halSystem.o
                0x080003c8                sysInitialization
 .text.halSystemClockConfig
                0x080003f0       0x68 ..\obj\halSystem.o
 .text.halGPIOInitialize
                0x08000458       0xc8 ..\obj\halSystem.o
 .text.HAL_MspInit
                0x08000520       0x44 ..\obj\halSystem.o
                0x08000520                HAL_MspInit
 .text.USB_LP_CAN1_RX0_IRQHandler
                0x08000564       0x14 ..\obj\halSystem.o
                0x08000564                USB_LP_CAN1_RX0_IRQHandler
 .text.NVIC_SetPriorityGrouping
                0x08000578       0x48 ..\obj\stm32f1xx_hal_cortex.o
 .text.NVIC_GetPriorityGrouping
                0x080005c0       0x1c ..\obj\stm32f1xx_hal_cortex.o
 .text.NVIC_EnableIRQ
                0x080005dc       0x30 ..\obj\stm32f1xx_hal_cortex.o
 .text.NVIC_SetPriority
                0x0800060c       0x54 ..\obj\stm32f1xx_hal_cortex.o
 .text.NVIC_EncodePriority
                0x08000660       0x64 ..\obj\stm32f1xx_hal_cortex.o
 .text.SysTick_Config
                0x080006c4       0x44 ..\obj\stm32f1xx_hal_cortex.o
 .text.HAL_NVIC_SetPriorityGrouping
                0x08000708       0x16 ..\obj\stm32f1xx_hal_cortex.o
                0x08000708                HAL_NVIC_SetPriorityGrouping
 .text.HAL_NVIC_SetPriority
                0x0800071e       0x38 ..\obj\stm32f1xx_hal_cortex.o
                0x0800071e                HAL_NVIC_SetPriority
 .text.HAL_NVIC_EnableIRQ
                0x08000756       0x1c ..\obj\stm32f1xx_hal_cortex.o
                0x08000756                HAL_NVIC_EnableIRQ
 .text.HAL_SYSTICK_Config
                0x08000772       0x18 ..\obj\stm32f1xx_hal_cortex.o
                0x08000772                HAL_SYSTICK_Config
 *fill*         0x0800078a        0x2 
 .text.HAL_SYSTICK_CLKSourceConfig
                0x0800078c       0x38 ..\obj\stm32f1xx_hal_cortex.o
                0x0800078c                HAL_SYSTICK_CLKSourceConfig
 .text.HAL_SYSTICK_IRQHandler
                0x080007c4        0xc ..\obj\stm32f1xx_hal_cortex.o
                0x080007c4                HAL_SYSTICK_IRQHandler
 .text.HAL_SYSTICK_Callback
                0x080007d0        0xc ..\obj\stm32f1xx_hal_cortex.o
                0x080007d0                HAL_SYSTICK_Callback
 .text.SystemInit
                0x080007dc       0x68 ..\obj\system_stm32f1xx.o
                0x080007dc                SystemInit
 .text.HAL_RCC_OscConfig
                0x08000844      0xde8 ..\obj\stm32f1xx_hal_rcc.o
                0x08000844                HAL_RCC_OscConfig
 .text.HAL_RCC_ClockConfig
                0x0800162c      0x510 ..\obj\stm32f1xx_hal_rcc.o
                0x0800162c                HAL_RCC_ClockConfig
 .text.HAL_RCC_GetSysClockFreq
                0x08001b3c       0xf0 ..\obj\stm32f1xx_hal_rcc.o
                0x08001b3c                HAL_RCC_GetSysClockFreq
 .text.HAL_RCC_GetHCLKFreq
                0x08001c2c       0x50 ..\obj\stm32f1xx_hal_rcc.o
                0x08001c2c                HAL_RCC_GetHCLKFreq
 .text.HAL_RCC_GetPCLK1Freq
                0x08001c7c       0x44 ..\obj\stm32f1xx_hal_rcc.o
                0x08001c7c                HAL_RCC_GetPCLK1Freq
 .text.HAL_RCC_GetPCLK2Freq
                0x08001cc0       0x44 ..\obj\stm32f1xx_hal_rcc.o
                0x08001cc0                HAL_RCC_GetPCLK2Freq
 .text.midiEventQueueInitialize
                0x08001d04       0x2a ..\obj\midiEventQueue.o
                0x08001d04                midiEventQueueInitialize
 .text.midiEventQueueIsEmpty
                0x08001d2e       0x28 ..\obj\midiEventQueue.o
                0x08001d2e                midiEventQueueIsEmpty
 .text.midiEventQueueClear
                0x08001d56       0x1e ..\obj\midiEventQueue.o
                0x08001d56                midiEventQueueClear
 .text.midiEventQueuePush
                0x08001d74       0x52 ..\obj\midiEventQueue.o
                0x08001d74                midiEventQueuePush
 .text.midiEventQueuePop
                0x08001dc6       0x70 ..\obj\midiEventQueue.o
                0x08001dc6                midiEventQueuePop
 .text.HAL_PCD_Init
                0x08001e36      0x1b4 ..\obj\stm32f1xx_hal_pcd.o
                0x08001e36                HAL_PCD_Init
 .text.HAL_PCD_Start
                0x08001fea       0x4c ..\obj\stm32f1xx_hal_pcd.o
                0x08001fea                HAL_PCD_Start
 .text.HAL_PCD_IRQHandler
                0x08002036      0x202 ..\obj\stm32f1xx_hal_pcd.o
                0x08002036                HAL_PCD_IRQHandler
 .text.HAL_PCD_SetAddress
                0x08002238       0x4a ..\obj\stm32f1xx_hal_pcd.o
                0x08002238                HAL_PCD_SetAddress
 .text.HAL_PCD_EP_Open
                0x08002282       0xaa ..\obj\stm32f1xx_hal_pcd.o
                0x08002282                HAL_PCD_EP_Open
 .text.HAL_PCD_EP_Close
                0x0800232c       0x8c ..\obj\stm32f1xx_hal_pcd.o
                0x0800232c                HAL_PCD_EP_Close
 .text.HAL_PCD_EP_Receive
                0x080023b8       0x96 ..\obj\stm32f1xx_hal_pcd.o
                0x080023b8                HAL_PCD_EP_Receive
 .text.HAL_PCD_EP_GetRxCount
                0x0800244e       0x2a ..\obj\stm32f1xx_hal_pcd.o
                0x0800244e                HAL_PCD_EP_GetRxCount
 .text.HAL_PCD_EP_Transmit
                0x08002478       0x94 ..\obj\stm32f1xx_hal_pcd.o
                0x08002478                HAL_PCD_EP_Transmit
 .text.HAL_PCD_EP_SetStall
                0x0800250c       0xaa ..\obj\stm32f1xx_hal_pcd.o
                0x0800250c                HAL_PCD_EP_SetStall
 .text.HAL_PCD_EP_ClrStall
                0x080025b6       0x8e ..\obj\stm32f1xx_hal_pcd.o
                0x080025b6                HAL_PCD_EP_ClrStall
 .text.PCD_EP_ISR_Handler
                0x08002644      0x66c ..\obj\stm32f1xx_hal_pcd.o
 .text.halSystemTimerInitialize
                0x08002cb0       0x34 ..\obj\halSystemTimer.o
                0x08002cb0                halSystemTimerInitialize
 .text.SysTick_Handler
                0x08002ce4       0x10 ..\obj\halSystemTimer.o
                0x08002ce4                SysTick_Handler
 .text.HAL_UART_Init
                0x08002cf4       0x92 ..\obj\stm32f1xx_hal_uart.o
                0x08002cf4                HAL_UART_Init
 .text.HAL_UART_MspInit
                0x08002d86       0x12 ..\obj\stm32f1xx_hal_uart.o
                0x08002d86                HAL_UART_MspInit
 .text.HAL_UART_IRQHandler
                0x08002d98      0x1e2 ..\obj\stm32f1xx_hal_uart.o
                0x08002d98                HAL_UART_IRQHandler
 .text.HAL_UART_TxCpltCallback
                0x08002f7a       0x12 ..\obj\stm32f1xx_hal_uart.o
                0x08002f7a                HAL_UART_TxCpltCallback
 .text.HAL_UART_RxCpltCallback
                0x08002f8c       0x12 ..\obj\stm32f1xx_hal_uart.o
                0x08002f8c                HAL_UART_RxCpltCallback
 .text.HAL_UART_ErrorCallback
                0x08002f9e       0x12 ..\obj\stm32f1xx_hal_uart.o
                0x08002f9e                HAL_UART_ErrorCallback
 .text.UART_Transmit_IT
                0x08002fb0       0xb8 ..\obj\stm32f1xx_hal_uart.o
 .text.UART_EndTransmit_IT
                0x08003068       0x56 ..\obj\stm32f1xx_hal_uart.o
 .text.UART_Receive_IT
                0x080030be      0x126 ..\obj\stm32f1xx_hal_uart.o
 .text.UART_SetConfig
                0x080031e4      0x180 ..\obj\stm32f1xx_hal_uart.o
 .text.midiInputInitialize
                0x08003364       0x50 ..\obj\midiInput.o
                0x08003364                midiInputInitialize
 .text.midiInputClear
                0x080033b4       0x14 ..\obj\midiInput.o
                0x080033b4                midiInputClear
 .text.midiInputIsEmpty
                0x080033c8       0x14 ..\obj\midiInput.o
                0x080033c8                midiInputIsEmpty
 .text.midiInputEventPopAndStore
                0x080033dc       0x5c ..\obj\midiInput.o
                0x080033dc                midiInputEventPopAndStore
 .text.midiInputDataReceived
                0x08003438      0x250 ..\obj\midiInput.o
                0x08003438                midiInputDataReceived
 .text.midiGetMessageLength
                0x08003688       0x8c ..\obj\midiInput.o
 .text.midiGetUSBMIDICodeIndexNumber
                0x08003714       0xa4 ..\obj\midiInput.o
 .text.USBD_Init
                0x080037b8       0x56 ..\obj\usbd_core.o
                0x080037b8                USBD_Init
 .text.USBD_RegisterClass
                0x0800380e       0x32 ..\obj\usbd_core.o
                0x0800380e                USBD_RegisterClass
 .text.USBD_Start
                0x08003840       0x18 ..\obj\usbd_core.o
                0x08003840                USBD_Start
 .text.USBD_RunTestMode
                0x08003858       0x14 ..\obj\usbd_core.o
                0x08003858                USBD_RunTestMode
 .text.USBD_SetClassConfig
                0x0800386c       0x3e ..\obj\usbd_core.o
                0x0800386c                USBD_SetClassConfig
 .text.USBD_ClrClassConfig
                0x080038aa       0x26 ..\obj\usbd_core.o
                0x080038aa                USBD_ClrClassConfig
 .text.USBD_LL_SetupStage
                0x080038d0       0x94 ..\obj\usbd_core.o
                0x080038d0                USBD_LL_SetupStage
 .text.USBD_LL_DataOutStage
                0x08003964       0xb6 ..\obj\usbd_core.o
                0x08003964                USBD_LL_DataOutStage
 .text.USBD_LL_DataInStage
                0x08003a1a      0x11e ..\obj\usbd_core.o
                0x08003a1a                USBD_LL_DataInStage
 .text.USBD_LL_Reset
                0x08003b38       0x5e ..\obj\usbd_core.o
                0x08003b38                USBD_LL_Reset
 .text.USBD_LL_SetSpeed
                0x08003b96       0x1e ..\obj\usbd_core.o
                0x08003b96                USBD_LL_SetSpeed
 .text.USBD_LL_Suspend
                0x08003bb4       0x28 ..\obj\usbd_core.o
                0x08003bb4                USBD_LL_Suspend
 .text.USBD_LL_Resume
                0x08003bdc       0x20 ..\obj\usbd_core.o
                0x08003bdc                USBD_LL_Resume
 .text.USBD_LL_SOF
                0x08003bfc       0x34 ..\obj\usbd_core.o
                0x08003bfc                USBD_LL_SOF
 .text.halMIDIPortInitialize
                0x08003c30      0x118 ..\obj\halMIDIPort.o
                0x08003c30                halMIDIPortInitialize
 .text.DMA1_Channel7_IRQHandler
                0x08003d48       0x14 ..\obj\halMIDIPort.o
                0x08003d48                DMA1_Channel7_IRQHandler
 .text.USART2_IRQHandler
                0x08003d5c       0x60 ..\obj\halMIDIPort.o
                0x08003d5c                USART2_IRQHandler
 .text.Reset_Handler
                0x08003dbc       0x48 ..\obj\startup_stm32f103xb.o
                0x08003dbc                Reset_Handler
 .text.Default_Handler
                0x08003e04        0x2 ..\obj\startup_stm32f103xb.o
                0x08003e04                RTC_Alarm_IRQHandler
                0x08003e04                EXTI2_IRQHandler
                0x08003e04                DebugMon_Handler
                0x08003e04                TIM1_CC_IRQHandler
                0x08003e04                HardFault_Handler
                0x08003e04                PVD_IRQHandler
                0x08003e04                PendSV_Handler
                0x08003e04                NMI_Handler
                0x08003e04                EXTI3_IRQHandler
                0x08003e04                EXTI0_IRQHandler
                0x08003e04                I2C2_EV_IRQHandler
                0x08003e04                UsageFault_Handler
                0x08003e04                ADC1_2_IRQHandler
                0x08003e04                SPI1_IRQHandler
                0x08003e04                TAMPER_IRQHandler
                0x08003e04                DMA1_Channel4_IRQHandler
                0x08003e04                USART3_IRQHandler
                0x08003e04                RTC_IRQHandler
                0x08003e04                CAN1_RX1_IRQHandler
                0x08003e04                TIM4_IRQHandler
                0x08003e04                I2C1_EV_IRQHandler
                0x08003e04                DMA1_Channel6_IRQHandler
                0x08003e04                RCC_IRQHandler
                0x08003e04                TIM1_TRG_COM_IRQHandler
                0x08003e04                DMA1_Channel1_IRQHandler
                0x08003e04                Default_Handler
                0x08003e04                EXTI9_5_IRQHandler
                0x08003e04                SPI2_IRQHandler
                0x08003e04                MemManage_Handler
                0x08003e04                SVC_Handler
                0x08003e04                DMA1_Channel5_IRQHandler
                0x08003e04                EXTI4_IRQHandler
                0x08003e04                USB_HP_CAN1_TX_IRQHandler
                0x08003e04                DMA1_Channel3_IRQHandler
                0x08003e04                WWDG_IRQHandler
                0x08003e04                TIM2_IRQHandler
                0x08003e04                TIM1_BRK_IRQHandler
                0x08003e04                EXTI1_IRQHandler
                0x08003e04                I2C2_ER_IRQHandler
                0x08003e04                DMA1_Channel2_IRQHandler
                0x08003e04                CAN1_SCE_IRQHandler
                0x08003e04                FLASH_IRQHandler
                0x08003e04                BusFault_Handler
                0x08003e04                USART1_IRQHandler
                0x08003e04                I2C1_ER_IRQHandler
                0x08003e04                USBWakeUp_IRQHandler
 .text.sysMemZero
                0x08003e06       0x1c ..\obj\sysHelpers.o
                0x08003e06                sysMemZero
 .text.USB_CoreInit
                0x08003e22       0x20 ..\obj\stm32f1xx_ll_usb.o
                0x08003e22                USB_CoreInit
 .text.USB_EnableGlobalInt
                0x08003e42       0x34 ..\obj\stm32f1xx_ll_usb.o
                0x08003e42                USB_EnableGlobalInt
 .text.USB_DisableGlobalInt
                0x08003e76       0x38 ..\obj\stm32f1xx_ll_usb.o
                0x08003e76                USB_DisableGlobalInt
 .text.USB_SetCurrentMode
                0x08003eae       0x18 ..\obj\stm32f1xx_ll_usb.o
                0x08003eae                USB_SetCurrentMode
 .text.USB_DevInit
                0x08003ec6       0x40 ..\obj\stm32f1xx_ll_usb.o
                0x08003ec6                USB_DevInit
 *fill*         0x08003f06        0x2 
 .text.USB_ActivateEndpoint
                0x08003f08      0x588 ..\obj\stm32f1xx_ll_usb.o
                0x08003f08                USB_ActivateEndpoint
 .text.USB_DeactivateEndpoint
                0x08004490      0x310 ..\obj\stm32f1xx_ll_usb.o
                0x08004490                USB_DeactivateEndpoint
 .text.USB_EPStartXfer
                0x080047a0      0x51c ..\obj\stm32f1xx_ll_usb.o
                0x080047a0                USB_EPStartXfer
 .text.USB_EPSetStall
                0x08004cbc       0xc0 ..\obj\stm32f1xx_ll_usb.o
                0x08004cbc                USB_EPSetStall
 .text.USB_EPClearStall
                0x08004d7c      0x114 ..\obj\stm32f1xx_ll_usb.o
                0x08004d7c                USB_EPClearStall
 .text.USB_SetDevAddress
                0x08004e90       0x26 ..\obj\stm32f1xx_ll_usb.o
                0x08004e90                USB_SetDevAddress
 .text.USB_DevConnect
                0x08004eb6       0x14 ..\obj\stm32f1xx_ll_usb.o
                0x08004eb6                USB_DevConnect
 .text.USB_DevDisconnect
                0x08004eca       0x14 ..\obj\stm32f1xx_ll_usb.o
                0x08004eca                USB_DevDisconnect
 .text.USB_ReadInterrupts
                0x08004ede       0x22 ..\obj\stm32f1xx_ll_usb.o
                0x08004ede                USB_ReadInterrupts
 .text.USB_EP0_OutStart
                0x08004f00       0x16 ..\obj\stm32f1xx_ll_usb.o
                0x08004f00                USB_EP0_OutStart
 .text.USB_WritePMA
                0x08004f16       0x8c ..\obj\stm32f1xx_ll_usb.o
                0x08004f16                USB_WritePMA
 .text.USB_ReadPMA
                0x08004fa2       0x6a ..\obj\stm32f1xx_ll_usb.o
                0x08004fa2                USB_ReadPMA
 .text.HAL_GPIO_Init
                0x0800500c      0x2bc ..\obj\stm32f1xx_hal_gpio.o
                0x0800500c                HAL_GPIO_Init
 .text.HAL_DMA_Init
                0x080052c8       0x94 ..\obj\stm32f1xx_hal_dma.o
                0x080052c8                HAL_DMA_Init
 .text.HAL_DMA_IRQHandler
                0x0800535c      0x394 ..\obj\stm32f1xx_hal_dma.o
                0x0800535c                HAL_DMA_IRQHandler
 .text._sbrk_r  0x080056f0       0x1e ..\obj\syscalls.o
                0x080056f0                _sbrk_r
 *fill*         0x0800570e        0x2 
 .text.midiOutputInitialize
                0x08005710       0x30 ..\obj\midiOutput.o
                0x08005710                midiOutputInitialize
 .text.midiOutputIsEmpty
                0x08005740       0x14 ..\obj\midiOutput.o
                0x08005740                midiOutputIsEmpty
 .text.midiOutputEventPush
                0x08005754       0x20 ..\obj\midiOutput.o
                0x08005754                midiOutputEventPush
 .text.midiOutput
                0x08005774       0x68 ..\obj\midiOutput.o
                0x08005774                midiOutput
 .text.midiUSBDeviceInitialize
                0x080057dc       0x38 ..\obj\midiUSB.o
                0x080057dc                midiUSBDeviceInitialize
 .text.midiIsConnected
                0x08005814       0x20 ..\obj\midiUSB.o
                0x08005814                midiIsConnected
 .text.midiUSBInitialize
                0x08005834       0x28 ..\obj\midiUSB.o
 .text.midiUSBDeinitialize
                0x0800585c        0xe ..\obj\midiUSB.o
 *fill*         0x0800586a        0x2 
 .text.midiUSBReceive
                0x0800586c       0x3c ..\obj\midiUSB.o
 .text.midiUSBTask
                0x080058a8       0x10 ..\obj\midiUSB.o
                0x080058a8                midiUSBTask
 .text.midiUSBProcessUSBTransmitEvent
                0x080058b8       0x68 ..\obj\midiUSB.o
 .text.midiUSBProcessUSBReceivedEvent
                0x08005920       0xb8 ..\obj\midiUSB.o
 .text.USBD_MIDI_Init
                0x080059d8       0xb6 ..\obj\usbd_midi.o
 .text.USBD_MIDI_DeInit
                0x08005a8e       0x52 ..\obj\usbd_midi.o
 .text.USBD_MIDI_Setup
                0x08005ae0       0x16 ..\obj\usbd_midi.o
 .text.USBD_MIDI_DataIn
                0x08005af6       0x34 ..\obj\usbd_midi.o
 .text.USBD_MIDI_DataOut
                0x08005b2a       0x56 ..\obj\usbd_midi.o
 .text.USBD_MIDI_EP0_RxReady
                0x08005b80       0x14 ..\obj\usbd_midi.o
 .text.USBD_MIDI_GetFSCfgDesc
                0x08005b94       0x20 ..\obj\usbd_midi.o
 .text.USBD_MIDI_GetHSCfgDesc
                0x08005bb4       0x20 ..\obj\usbd_midi.o
 .text.USBD_MIDI_GetOtherSpeedCfgDesc
                0x08005bd4       0x20 ..\obj\usbd_midi.o
 .text.USBD_MIDI_GetDeviceQualifierDescriptor
                0x08005bf4       0x20 ..\obj\usbd_midi.o
                0x08005bf4                USBD_MIDI_GetDeviceQualifierDescriptor
 .text.USBD_MIDI_RegisterInterface
                0x08005c14       0x2c ..\obj\usbd_midi.o
                0x08005c14                USBD_MIDI_RegisterInterface
 .text.USBD_MIDI_SetTxBuffer
                0x08005c40       0x38 ..\obj\usbd_midi.o
                0x08005c40                USBD_MIDI_SetTxBuffer
 .text.USBD_MIDI_SetRxBuffer
                0x08005c78       0x2e ..\obj\usbd_midi.o
                0x08005c78                USBD_MIDI_SetRxBuffer
 .text.USBD_MIDI_IsTransmitterBusy
                0x08005ca6       0x36 ..\obj\usbd_midi.o
                0x08005ca6                USBD_MIDI_IsTransmitterBusy
 .text.USBD_MIDI_IsReceiverBusy
                0x08005cdc       0x30 ..\obj\usbd_midi.o
                0x08005cdc                USBD_MIDI_IsReceiverBusy
 .text.USBD_MIDI_TransmitPacket
                0x08005d0c       0x4c ..\obj\usbd_midi.o
                0x08005d0c                USBD_MIDI_TransmitPacket
 .text.USBD_MIDI_ReceivePacket
                0x08005d58       0x50 ..\obj\usbd_midi.o
                0x08005d58                USBD_MIDI_ReceivePacket
 .text.USBD_StdDevReq
                0x08005da8       0xa0 ..\obj\usbd_ctlreq.o
                0x08005da8                USBD_StdDevReq
 .text.USBD_StdItfReq
                0x08005e48       0x66 ..\obj\usbd_ctlreq.o
                0x08005e48                USBD_StdItfReq
 .text.USBD_StdEPReq
                0x08005eae      0x1b0 ..\obj\usbd_ctlreq.o
                0x08005eae                USBD_StdEPReq
 *fill*         0x0800605e        0x2 
 .text.USBD_GetDescriptor
                0x08006060      0x1e8 ..\obj\usbd_ctlreq.o
 .text.USBD_SetAddress
                0x08006248       0x7c ..\obj\usbd_ctlreq.o
 .text.USBD_SetConfig
                0x080062c4      0x110 ..\obj\usbd_ctlreq.o
 .text.USBD_GetConfig
                0x080063d4       0x64 ..\obj\usbd_ctlreq.o
 .text.USBD_GetStatus
                0x08006438       0x54 ..\obj\usbd_ctlreq.o
 .text.USBD_SetFeature
                0x0800648c       0x36 ..\obj\usbd_ctlreq.o
 .text.USBD_ClrFeature
                0x080064c2       0x50 ..\obj\usbd_ctlreq.o
 .text.USBD_ParseSetupRequest
                0x08006512       0x78 ..\obj\usbd_ctlreq.o
                0x08006512                USBD_ParseSetupRequest
 .text.USBD_CtlError
                0x0800658a       0x22 ..\obj\usbd_ctlreq.o
                0x0800658a                USBD_CtlError
 .text.USBD_GetString
                0x080065ac       0x86 ..\obj\usbd_ctlreq.o
                0x080065ac                USBD_GetString
 .text.USBD_GetLen
                0x08006632       0x2e ..\obj\usbd_ctlreq.o
 .text.HAL_PCDEx_PMAConfig
                0x08006660       0x7c ..\obj\stm32f1xx_hal_pcd_ex.o
                0x08006660                HAL_PCDEx_PMAConfig
 .text.USBD_CtlSendData
                0x080066dc       0x38 ..\obj\usbd_ioreq.o
                0x080066dc                USBD_CtlSendData
 .text.USBD_CtlContinueSendData
                0x08006714       0x24 ..\obj\usbd_ioreq.o
                0x08006714                USBD_CtlContinueSendData
 .text.USBD_CtlContinueRx
                0x08006738       0x24 ..\obj\usbd_ioreq.o
                0x08006738                USBD_CtlContinueRx
 .text.USBD_CtlSendStatus
                0x0800675c       0x26 ..\obj\usbd_ioreq.o
                0x0800675c                USBD_CtlSendStatus
 .text.USBD_CtlReceiveStatus
                0x08006782       0x26 ..\obj\usbd_ioreq.o
                0x08006782                USBD_CtlReceiveStatus
 .text.USBD_FS_DeviceDescriptor
                0x080067a8       0x24 ..\obj\usbd_midi_desc.o
                0x080067a8                USBD_FS_DeviceDescriptor
 .text.USBD_FS_LangIDStrDescriptor
                0x080067cc       0x24 ..\obj\usbd_midi_desc.o
                0x080067cc                USBD_FS_LangIDStrDescriptor
 .text.USBD_FS_ProductStrDescriptor
                0x080067f0       0x3c ..\obj\usbd_midi_desc.o
                0x080067f0                USBD_FS_ProductStrDescriptor
 .text.USBD_FS_ManufacturerStrDescriptor
                0x0800682c       0x28 ..\obj\usbd_midi_desc.o
                0x0800682c                USBD_FS_ManufacturerStrDescriptor
 .text.USBD_FS_SerialStrDescriptor
                0x08006854       0x3c ..\obj\usbd_midi_desc.o
                0x08006854                USBD_FS_SerialStrDescriptor
 .text.USBD_FS_ConfigStrDescriptor
                0x08006890       0x3c ..\obj\usbd_midi_desc.o
                0x08006890                USBD_FS_ConfigStrDescriptor
 .text.USBD_FS_InterfaceStrDescriptor
                0x080068cc       0x3c ..\obj\usbd_midi_desc.o
                0x080068cc                USBD_FS_InterfaceStrDescriptor
 .text.HAL_PCD_MspInit
                0x08006908       0x4c ..\obj\usbd_midi_conf.o
                0x08006908                HAL_PCD_MspInit
 .text.HAL_PCD_SetupStageCallback
                0x08006954       0x24 ..\obj\usbd_midi_conf.o
                0x08006954                HAL_PCD_SetupStageCallback
 .text.HAL_PCD_DataOutStageCallback
                0x08006978       0x30 ..\obj\usbd_midi_conf.o
                0x08006978                HAL_PCD_DataOutStageCallback
 .text.HAL_PCD_DataInStageCallback
                0x080069a8       0x2e ..\obj\usbd_midi_conf.o
                0x080069a8                HAL_PCD_DataInStageCallback
 .text.HAL_PCD_SOFCallback
                0x080069d6       0x1c ..\obj\usbd_midi_conf.o
                0x080069d6                HAL_PCD_SOFCallback
 .text.HAL_PCD_ResetCallback
                0x080069f2       0x44 ..\obj\usbd_midi_conf.o
                0x080069f2                HAL_PCD_ResetCallback
 *fill*         0x08006a36        0x2 
 .text.HAL_PCD_SuspendCallback
                0x08006a38       0x34 ..\obj\usbd_midi_conf.o
                0x08006a38                HAL_PCD_SuspendCallback
 .text.HAL_PCD_ResumeCallback
                0x08006a6c       0x1c ..\obj\usbd_midi_conf.o
                0x08006a6c                HAL_PCD_ResumeCallback
 .text.USBD_LL_Init
                0x08006a88       0xb0 ..\obj\usbd_midi_conf.o
                0x08006a88                USBD_LL_Init
 .text.USBD_LL_Start
                0x08006b38       0x1e ..\obj\usbd_midi_conf.o
                0x08006b38                USBD_LL_Start
 .text.USBD_LL_OpenEP
                0x08006b56       0x34 ..\obj\usbd_midi_conf.o
                0x08006b56                USBD_LL_OpenEP
 .text.USBD_LL_CloseEP
                0x08006b8a       0x26 ..\obj\usbd_midi_conf.o
                0x08006b8a                USBD_LL_CloseEP
 .text.USBD_LL_StallEP
                0x08006bb0       0x26 ..\obj\usbd_midi_conf.o
                0x08006bb0                USBD_LL_StallEP
 .text.USBD_LL_ClearStallEP
                0x08006bd6       0x26 ..\obj\usbd_midi_conf.o
                0x08006bd6                USBD_LL_ClearStallEP
 .text.USBD_LL_IsStallEP
                0x08006bfc       0x4a ..\obj\usbd_midi_conf.o
                0x08006bfc                USBD_LL_IsStallEP
 .text.USBD_LL_SetUSBAddress
                0x08006c46       0x26 ..\obj\usbd_midi_conf.o
                0x08006c46                USBD_LL_SetUSBAddress
 .text.USBD_LL_Transmit
                0x08006c6c       0x2e ..\obj\usbd_midi_conf.o
                0x08006c6c                USBD_LL_Transmit
 .text.USBD_LL_PrepareReceive
                0x08006c9a       0x2e ..\obj\usbd_midi_conf.o
                0x08006c9a                USBD_LL_PrepareReceive
 .text.USBD_LL_GetRxDataSize
                0x08006cc8       0x26 ..\obj\usbd_midi_conf.o
                0x08006cc8                USBD_LL_GetRxDataSize
 *fill*         0x08006cee        0x2 
 .text.USBD_static_malloc
                0x08006cf0       0x18 ..\obj\usbd_midi_conf.o
                0x08006cf0                USBD_static_malloc
 .text.USBD_static_free
                0x08006d08       0x16 ..\obj\usbd_midi_conf.o
                0x08006d08                USBD_static_free
 .text.HAL_PCDEx_SetConnectionState
                0x08006d1e       0x16 ..\obj\usbd_midi_conf.o
                0x08006d1e                HAL_PCDEx_SetConnectionState
 .text.NVIC_EnableIRQ
                0x08006d34       0x30 ..\obj\appMain.o
 .text.NVIC_SetPriority
                0x08006d64       0x54 ..\obj\appMain.o
 .text.handlechans
                0x08006db8      0x1ac ..\obj\appMain.o
                0x08006db8                handlechans
 .text.handlepercussion
                0x08006f64      0x464 ..\obj\appMain.o
                0x08006f64                handlepercussion
 .text.appMainTask
                0x080073c8      0x4e0 ..\obj\appMain.o
                0x080073c8                appMainTask
 .text.EXTI15_10_IRQHandler
                0x080078a8       0x78 ..\obj\appMain.o
                0x080078a8                EXTI15_10_IRQHandler
 .text.TIM3_IRQHandler
                0x08007920       0x8c ..\obj\appMain.o
                0x08007920                TIM3_IRQHandler
 .text.TIM1_UP_IRQHandler
                0x080079ac      0x21c ..\obj\appMain.o
                0x080079ac                TIM1_UP_IRQHandler
 .text.main     0x08007bc8       0x12 ..\obj\halMain.o
                0x08007bc8                main
 *fill*         0x08007bda        0x2 
 .text          0x08007bdc      0x21c c:/program files/gnu tools arm embedded/8 2018-q4-major/bin/../lib/gcc/arm-none-eabi/8.2.1/thumb/v7-m/nofp\libgcc.a(_arm_addsubsf3.o)
                0x08007bdc                __aeabi_frsub
                0x08007be4                __subsf3
                0x08007be4                __aeabi_fsub
                0x08007be8                __aeabi_fadd
                0x08007be8                __addsf3
                0x08007d48                __aeabi_ui2f
                0x08007d48                __floatunsisf
                0x08007d50                __aeabi_i2f
                0x08007d50                __floatsisf
                0x08007d6c                __aeabi_ul2f
                0x08007d6c                __floatundisf
                0x08007d7c                __aeabi_l2f
                0x08007d7c                __floatdisf
 .text          0x08007df8      0x2a0 c:/program files/gnu tools arm embedded/8 2018-q4-major/bin/../lib/gcc/arm-none-eabi/8.2.1/thumb/v7-m/nofp\libgcc.a(_arm_muldivsf3.o)
                0x08007df8                __mulsf3
                0x08007df8                __aeabi_fmul
                0x08007f60                __aeabi_fdiv
                0x08007f60                __divsf3
 .text          0x08008098       0x40 c:/program files/gnu tools arm embedded/8 2018-q4-major/bin/../lib/gcc/arm-none-eabi/8.2.1/thumb/v7-m/nofp\libgcc.a(_arm_fixunssfsi.o)
                0x08008098                __fixunssfsi
                0x08008098                __aeabi_f2uiz
 .text.__libc_init_array
                0x080080d8       0x48 c:/program files/gnu tools arm embedded/8 2018-q4-major/bin/../lib/gcc/arm-none-eabi/8.2.1/../../../../arm-none-eabi/lib/thumb/v7-m/nofp\libg.a(lib_a-init.o)
                0x080080d8                __libc_init_array
 .text.free     0x08008120       0x10 c:/program files/gnu tools arm embedded/8 2018-q4-major/bin/../lib/gcc/arm-none-eabi/8.2.1/../../../../arm-none-eabi/lib/thumb/v7-m/nofp\libg.a(lib_a-malloc.o)
                0x08008120                free
 .text.memset   0x08008130       0xa0 c:/program files/gnu tools arm embedded/8 2018-q4-major/bin/../lib/gcc/arm-none-eabi/8.2.1/../../../../arm-none-eabi/lib/thumb/v7-m/nofp\libg.a(lib_a-memset.o)
                0x08008130                memset
 .text.__malloc_lock
                0x080081d0        0xc c:/program files/gnu tools arm embedded/8 2018-q4-major/bin/../lib/gcc/arm-none-eabi/8.2.1/../../../../arm-none-eabi/lib/thumb/v7-m/nofp\libg.a(lib_a-mlock.o)
                0x080081d0                __malloc_lock
 .text.__malloc_unlock
                0x080081dc        0xc c:/program files/gnu tools arm embedded/8 2018-q4-major/bin/../lib/gcc/arm-none-eabi/8.2.1/../../../../arm-none-eabi/lib/thumb/v7-m/nofp\libg.a(lib_a-mlock.o)
                0x080081dc                __malloc_unlock
 .text.startup.register_fini
                0x080081e8       0x14 c:/program files/gnu tools arm embedded/8 2018-q4-major/bin/../lib/gcc/arm-none-eabi/8.2.1/../../../../arm-none-eabi/lib/thumb/v7-m/nofp\libg.a(lib_a-__call_atexit.o)
 .text.atexit   0x080081fc        0xc c:/program files/gnu tools arm embedded/8 2018-q4-major/bin/../lib/gcc/arm-none-eabi/8.2.1/../../../../arm-none-eabi/lib/thumb/v7-m/nofp\libg.a(lib_a-atexit.o)
                0x080081fc                atexit
 .text.__libc_fini_array
                0x08008208       0x34 c:/program files/gnu tools arm embedded/8 2018-q4-major/bin/../lib/gcc/arm-none-eabi/8.2.1/../../../../arm-none-eabi/lib/thumb/v7-m/nofp\libg.a(lib_a-fini.o)
                0x08008208                __libc_fini_array
 .text._malloc_trim_r
                0x0800823c       0xa0 c:/program files/gnu tools arm embedded/8 2018-q4-major/bin/../lib/gcc/arm-none-eabi/8.2.1/../../../../arm-none-eabi/lib/thumb/v7-m/nofp\libg.a(lib_a-freer.o)
                0x0800823c                _malloc_trim_r
 .text._free_r  0x080082dc      0x1ec c:/program files/gnu tools arm embedded/8 2018-q4-major/bin/../lib/gcc/arm-none-eabi/8.2.1/../../../../arm-none-eabi/lib/thumb/v7-m/nofp\libg.a(lib_a-freer.o)
                0x080082dc                _free_r
 .text.__retarget_lock_acquire_recursive
                0x080084c8        0x4 c:/program files/gnu tools arm embedded/8 2018-q4-major/bin/../lib/gcc/arm-none-eabi/8.2.1/../../../../arm-none-eabi/lib/thumb/v7-m/nofp\libg.a(lib_a-lock.o)
                0x080084c8                __retarget_lock_acquire_recursive
 .text.__retarget_lock_release_recursive
                0x080084cc        0x4 c:/program files/gnu tools arm embedded/8 2018-q4-major/bin/../lib/gcc/arm-none-eabi/8.2.1/../../../../arm-none-eabi/lib/thumb/v7-m/nofp\libg.a(lib_a-lock.o)
                0x080084cc                __retarget_lock_release_recursive
 .text.__register_exitproc
                0x080084d0       0x84 c:/program files/gnu tools arm embedded/8 2018-q4-major/bin/../lib/gcc/arm-none-eabi/8.2.1/../../../../arm-none-eabi/lib/thumb/v7-m/nofp\libg.a(lib_a-__atexit.o)
                0x080084d0                __register_exitproc
 *(.init)
 .init          0x08008554        0x4 c:/program files/gnu tools arm embedded/8 2018-q4-major/bin/../lib/gcc/arm-none-eabi/8.2.1/thumb/v7-m/nofp/crti.o
                0x08008554                _init
 .init          0x08008558        0x8 c:/program files/gnu tools arm embedded/8 2018-q4-major/bin/../lib/gcc/arm-none-eabi/8.2.1/thumb/v7-m/nofp/crtn.o
 *(.fini)
 .fini          0x08008560        0x4 c:/program files/gnu tools arm embedded/8 2018-q4-major/bin/../lib/gcc/arm-none-eabi/8.2.1/thumb/v7-m/nofp/crti.o
                0x08008560                _fini
 .fini          0x08008564        0x8 c:/program files/gnu tools arm embedded/8 2018-q4-major/bin/../lib/gcc/arm-none-eabi/8.2.1/thumb/v7-m/nofp/crtn.o
 *crtbegin.o(.ctors)
 *crtbegin?.o(.ctors)
 *(EXCLUDE_FILE(*crtend.o *crtend?.o) .ctors)
 *(SORT_BY_NAME(.ctors.*))
 *(.ctors)
 *crtbegin.o(.dtors)
 *crtbegin?.o(.dtors)
 *(EXCLUDE_FILE(*crtend.o *crtend?.o) .dtors)
 *(SORT_BY_NAME(.dtors.*))
 *(.dtors)
 *(.rodata*)
 .rodata        0x0800856c       0x22 ..\obj\stm32f1xx_hal_rcc.o
                0x0800856c                aAPBAHBPrescTable
 *fill*         0x0800858e        0x2 
 .rodata        0x08008590       0x40 ..\obj\usbd_midi_desc.o
 .rodata        0x080085d0    0x13a48 ..\obj\appMain.o
                0x0801be14                freq
                0x0801c014                increment_per_hert
 .rodata._global_impure_ptr
                0x0801c018        0x4 c:/program files/gnu tools arm embedded/8 2018-q4-major/bin/../lib/gcc/arm-none-eabi/8.2.1/../../../../arm-none-eabi/lib/thumb/v7-m/nofp\libg.a(lib_a-impure.o)
                0x0801c018                _global_impure_ptr
 *(.eh_fram e*)

.eh_frame       0x0801c01c        0x0
 .eh_frame      0x0801c01c        0x0 c:/program files/gnu tools arm embedded/8 2018-q4-major/bin/../lib/gcc/arm-none-eabi/8.2.1/thumb/v7-m/nofp/crtbegin.o

.glue_7         0x0801c01c        0x0
 .glue_7        0x0801c01c        0x0 linker stubs

.glue_7t        0x0801c01c        0x0
 .glue_7t       0x0801c01c        0x0 linker stubs

.vfp11_veneer   0x0801c01c        0x0
 .vfp11_veneer  0x0801c01c        0x0 linker stubs

.v4_bx          0x0801c01c        0x0
 .v4_bx         0x0801c01c        0x0 linker stubs

.iplt           0x0801c01c        0x0
 .iplt          0x0801c01c        0x0 c:/program files/gnu tools arm embedded/8 2018-q4-major/bin/../lib/gcc/arm-none-eabi/8.2.1/thumb/v7-m/nofp/crtbegin.o

.rel.dyn        0x0801c01c        0x0
 .rel.iplt      0x0801c01c        0x0 c:/program files/gnu tools arm embedded/8 2018-q4-major/bin/../lib/gcc/arm-none-eabi/8.2.1/thumb/v7-m/nofp/crtbegin.o

.ARM.extab
 *(.ARM.extab* .gnu.linkonce.armextab.*)
                0x0801c01c                __exidx_start = .

.ARM.exidx
 *(.ARM.exidx* .gnu.linkonce.armexidx.*)
                0x0801c01c                __exidx_end = .
                0x0801c01c                __etext = .
                0x0801c01c                _sidata = __etext

.data           0x20000000      0x950 load address 0x0801c01c
                0x20000000                __data_start__ = .
                0x20000000                _sdata = __data_start__
 *(vtable)
 *(.data*)
 .data          0x20000000        0x4 ..\obj\system_stm32f1xx.o
                0x20000000                SystemCoreClock
 .data          0x20000004       0x10 ..\obj\midiInput.o
 .data          0x20000014        0xc ..\obj\midiUSB.o
 .data          0x20000020       0xa9 ..\obj\usbd_midi.o
                0x2000002c                USBD_MIDI
                0x20000064                USBD_MIDI_CfgFSDesc
 *fill*         0x200000c9        0x3 
 .data          0x200000cc       0x34 ..\obj\usbd_midi_desc.o
                0x200000cc                FS_Desc
                0x200000e8                USBD_FS_DeviceDesc
                0x200000fc                USBD_LangIDDesc
 .data          0x20000100        0x4 ..\obj\appMain.o
                0x20000100                size
 .data._impure_ptr
                0x20000104        0x4 c:/program files/gnu tools arm embedded/8 2018-q4-major/bin/../lib/gcc/arm-none-eabi/8.2.1/../../../../arm-none-eabi/lib/thumb/v7-m/nofp\libg.a(lib_a-impure.o)
                0x20000104                _impure_ptr
 .data.impure_data
                0x20000108      0x428 c:/program files/gnu tools arm embedded/8 2018-q4-major/bin/../lib/gcc/arm-none-eabi/8.2.1/../../../../arm-none-eabi/lib/thumb/v7-m/nofp\libg.a(lib_a-impure.o)
 .data.__malloc_av_
                0x20000530      0x408 c:/program files/gnu tools arm embedded/8 2018-q4-major/bin/../lib/gcc/arm-none-eabi/8.2.1/../../../../arm-none-eabi/lib/thumb/v7-m/nofp\libg.a(lib_a-mallocr.o)
                0x20000530                __malloc_av_
 .data.__malloc_sbrk_base
                0x20000938        0x4 c:/program files/gnu tools arm embedded/8 2018-q4-major/bin/../lib/gcc/arm-none-eabi/8.2.1/../../../../arm-none-eabi/lib/thumb/v7-m/nofp\libg.a(lib_a-mallocr.o)
                0x20000938                __malloc_sbrk_base
 .data.__malloc_trim_threshold
                0x2000093c        0x4 c:/program files/gnu tools arm embedded/8 2018-q4-major/bin/../lib/gcc/arm-none-eabi/8.2.1/../../../../arm-none-eabi/lib/thumb/v7-m/nofp\libg.a(lib_a-mallocr.o)
                0x2000093c                __malloc_trim_threshold
 .data.__atexit_recursive_mutex
                0x20000940        0x4 c:/program files/gnu tools arm embedded/8 2018-q4-major/bin/../lib/gcc/arm-none-eabi/8.2.1/../../../../arm-none-eabi/lib/thumb/v7-m/nofp\libg.a(lib_a-__call_atexit.o)
                0x20000940                __atexit_recursive_mutex
                0x20000944                . = ALIGN (0x4)
                0x20000944                PROVIDE (__preinit_array_start = .)
 *(.preinit_array)
                0x20000944                PROVIDE (__preinit_array_end = .)
                0x20000944                . = ALIGN (0x4)
                0x20000944                PROVIDE (__init_array_start = .)
 *(SORT_BY_NAME(.init_array.*))
 .init_array.00000
                0x20000944        0x4 c:/program files/gnu tools arm embedded/8 2018-q4-major/bin/../lib/gcc/arm-none-eabi/8.2.1/../../../../arm-none-eabi/lib/thumb/v7-m/nofp\libg.a(lib_a-__call_atexit.o)
 *(.init_array)
 .init_array    0x20000948        0x4 c:/program files/gnu tools arm embedded/8 2018-q4-major/bin/../lib/gcc/arm-none-eabi/8.2.1/thumb/v7-m/nofp/crtbegin.o
                0x2000094c                PROVIDE (__init_array_end = .)
                0x2000094c                . = ALIGN (0x4)
                0x2000094c                PROVIDE (__fini_array_start = .)
 *(SORT_BY_NAME(.fini_array.*))
 *(.fini_array)
 .fini_array    0x2000094c        0x4 c:/program files/gnu tools arm embedded/8 2018-q4-major/bin/../lib/gcc/arm-none-eabi/8.2.1/thumb/v7-m/nofp/crtbegin.o
                0x20000950                PROVIDE (__fini_array_end = .)
 *(.jcr*)
                0x20000950                . = ALIGN (0x4)
                0x20000950                __data_end__ = .
                0x20000950                _edata = __data_end__

.igot.plt       0x20000950        0x0 load address 0x0801c96c
 .igot.plt      0x20000950        0x0 c:/program files/gnu tools arm embedded/8 2018-q4-major/bin/../lib/gcc/arm-none-eabi/8.2.1/thumb/v7-m/nofp/crtbegin.o

.bss            0x20000950     0x2ea8 load address 0x0801c96c
                0x20000950                . = ALIGN (0x4)
                0x20000950                __bss_start__ = .
                0x20000950                _sbss = __bss_start__
 *(.bss*)
 .bss           0x20000950       0x1c c:/program files/gnu tools arm embedded/8 2018-q4-major/bin/../lib/gcc/arm-none-eabi/8.2.1/thumb/v7-m/nofp/crtbegin.o
 .bss           0x2000096c        0x4 ..\obj\stm32f1xx_hal.o
 .bss           0x20000970      0x418 ..\obj\midiInput.o
 .bss           0x20000d88       0x78 ..\obj\halMIDIPort.o
 .bss           0x20000e00     0x2002 ..\obj\midiOutput.o
 *fill*         0x20002e02        0x2 
 .bss           0x20002e04       0x88 ..\obj\midiUSB.o
 .bss           0x20002e8c        0x1 ..\obj\usbd_ctlreq.o
 *fill*         0x20002e8d        0x3 
 .bss           0x20002e90       0x1c ..\obj\usbd_midi_conf.o
 .bss           0x20002eac        0x7 ..\obj\appMain.o
                0x20002eac                count
                0x20002eb0                count2
                0x20002eb2                sustain
 *fill*         0x20002eb3        0x1 
 .bss.__malloc_current_mallinfo
                0x20002eb4       0x28 c:/program files/gnu tools arm embedded/8 2018-q4-major/bin/../lib/gcc/arm-none-eabi/8.2.1/../../../../arm-none-eabi/lib/thumb/v7-m/nofp\libg.a(lib_a-mallocr.o)
                0x20002eb4                __malloc_current_mallinfo
 .bss.__malloc_top_pad
                0x20002edc        0x4 c:/program files/gnu tools arm embedded/8 2018-q4-major/bin/../lib/gcc/arm-none-eabi/8.2.1/../../../../arm-none-eabi/lib/thumb/v7-m/nofp\libg.a(lib_a-mallocr.o)
                0x20002edc                __malloc_top_pad
 *(COMMON)
 COMMON         0x20002ee0        0xc ..\obj\midiOutput.o
                0x20002ee0                l_midi_output_queue
 COMMON         0x20002eec      0x224 ..\obj\midiUSB.o
                0x20002eec                hUsbDeviceFS
 COMMON         0x20003110      0x200 ..\obj\usbd_midi_desc.o
                0x20003110                USBD_StrDesc
 COMMON         0x20003310      0x420 ..\obj\usbd_midi_conf.o
                0x20003310                hpcd_USB_FS
 COMMON         0x20003730       0xa4 ..\obj\appMain.o
                0x20003730                playedpercussion
                0x20003734                t
                0x20003738                pan_r
                0x20003740                drum_length
                0x20003748                pan_l
                0x20003750                volume
                0x20003758                chanused
                0x20003760                increment
                0x20003780                percussion_counter
                0x20003788                playednotes
                0x20003790                percussionused
                0x20003794                counter
                0x200037b4                note
                0x200037bc                lastDebounceTime
                0x200037c0                drum_sample
                0x200037c8                chanchannel
                0x200037d0                millis
 COMMON         0x200037d4       0x21 c:/program files/gnu tools arm embedded/8 2018-q4-major/bin/../lib/gcc/arm-none-eabi/8.2.1/../../../../arm-none-eabi/lib/thumb/v7-m/nofp\libg.a(lib_a-lock.o)
                0x200037d4                __lock___atexit_recursive_mutex
                0x200037d8                __lock___arc4random_mutex
                0x200037dc                __lock___env_recursive_mutex
                0x200037e0                __lock___sinit_recursive_mutex
                0x200037e4                __lock___malloc_recursive_mutex
                0x200037e8                __lock___at_quick_exit_mutex
                0x200037ec                __lock___dd_hash_mutex
                0x200037f0                __lock___tz_mutex
                0x200037f4                __lock___sfp_recursive_mutex
                0x200037f8                . = ALIGN (0x4)
 *fill*         0x200037f5        0x3 
                0x200037f8                __bss_end__ = .
                0x200037f8                _ebss = __bss_end__

.heap           0x200037f8        0x0
                0x200037f8                __end__ = .
                0x200037f8                _end = __end__
                0x200037f8                end = __end__
 *(.heap*)
                0x200037f8                __HeapLimit = .

.co_stack       0x200037f8        0x0
                0x200037f8                . = ALIGN (0x8)
 *(.co_stack .co_stack.*)
                0x20005000                __StackTop = (ORIGIN (ram) + LENGTH (ram))
                0x20005000                __StackLimit = (__StackTop - SIZEOF (.co_stack))
                0x20005000                PROVIDE (__stack = __StackTop)
                0x00000001                ASSERT ((__StackLimit >= __HeapLimit), region ram  overflowed with stack)
LOAD ..\obj\stm32f1xx_hal_rcc_ex.o
LOAD ..\obj\stm32f1xx_hal_pwr.o
LOAD ..\obj\stm32f1xx_hal_can.o
LOAD ..\obj\stm32f1xx_hal.o
LOAD ..\obj\halSystem.o
LOAD ..\obj\stm32f1xx_hal_dac.o
LOAD ..\obj\stm32f1xx_hal_gpio_ex.o
LOAD ..\obj\stm32f1xx_hal_wwdg.o
LOAD ..\obj\stm32f1xx_hal_cortex.o
LOAD ..\obj\stm32f1xx_hal_crc.o
LOAD ..\obj\stm32f1xx_hal_iwdg.o
LOAD ..\obj\system_stm32f1xx.o
LOAD ..\obj\stm32f1xx_hal_rcc.o
LOAD ..\obj\midiEventQueue.o
LOAD ..\obj\stm32f1xx_hal_dac_ex.o
LOAD ..\obj\stm32f1xx_hal_adc.o
LOAD ..\obj\stm32f1xx_hal_i2s.o
LOAD ..\obj\stm32f1xx_hal_smartcard.o
LOAD ..\obj\stm32f1xx_hal_pcd.o
LOAD ..\obj\halSystemTimer.o
LOAD ..\obj\stm32f1xx_hal_uart.o
LOAD ..\obj\midiInput.o
LOAD ..\obj\usbd_core.o
LOAD ..\obj\halMIDIPort.o
LOAD ..\obj\startup_stm32f103xb.o
LOAD ..\obj\stm32f1xx_hal_usart.o
LOAD ..\obj\sysHelpers.o
LOAD ..\obj\stm32f1xx_hal_nor.o
LOAD ..\obj\stm32f1xx_ll_usb.o
LOAD ..\obj\stm32f1xx_hal_spi_ex.o
LOAD ..\obj\stm32f1xx_hal_cec.o
LOAD ..\obj\stm32f1xx_hal_hcd.o
LOAD ..\obj\stm32f1xx_hal_flash.o
LOAD ..\obj\stm32f1xx_hal_gpio.o
LOAD ..\obj\stm32f1xx_hal_dma.o
LOAD ..\obj\stm32f1xx_hal_adc_ex.o
LOAD ..\obj\stm32f1xx_hal_irda.o
LOAD ..\obj\stm32f1xx_hal_sd.o
LOAD ..\obj\stm32f1xx_hal_spi.o
LOAD ..\obj\syscalls.o
LOAD ..\obj\stm32f1xx_hal_i2c.o
LOAD ..\obj\stm32f1xx_hal_eth.o
LOAD ..\obj\midiOutput.o
LOAD ..\obj\stm32f1xx_ll_fsmc.o
LOAD ..\obj\sysTimer.o
LOAD ..\obj\midiUSB.o
LOAD ..\obj\stm32f1xx_hal_rtc.o
LOAD ..\obj\stm32f1xx_hal_tim.o
LOAD ..\obj\usbd_midi.o
LOAD ..\obj\stm32f1xx_hal_flash_ex.o
LOAD ..\obj\usbd_ctlreq.o
LOAD ..\obj\stm32f1xx_hal_pcd_ex.o
LOAD ..\obj\stm32f1xx_hal_nand.o
LOAD ..\obj\usbd_ioreq.o
LOAD ..\obj\stm32f1xx_hal_pccard.o
LOAD ..\obj\usbd_midi_desc.o
LOAD ..\obj\stm32f1xx_hal_sram.o
LOAD ..\obj\usbd_midi_conf.o
LOAD ..\obj\appMain.o
LOAD ..\obj\stm32f1xx_hal_rtc_ex.o
LOAD ..\obj\halMain.o
LOAD ..\obj\stm32f1xx_hal_tim_ex.o
LOAD ..\obj\stm32f1xx_ll_sdmmc.o
START GROUP
LOAD c:/program files/gnu tools arm embedded/8 2018-q4-major/bin/../lib/gcc/arm-none-eabi/8.2.1/thumb/v7-m/nofp\libgcc.a
LOAD c:/program files/gnu tools arm embedded/8 2018-q4-major/bin/../lib/gcc/arm-none-eabi/8.2.1/../../../../arm-none-eabi/lib/thumb/v7-m/nofp\libg.a
LOAD c:/program files/gnu tools arm embedded/8 2018-q4-major/bin/../lib/gcc/arm-none-eabi/8.2.1/../../../../arm-none-eabi/lib/thumb/v7-m/nofp\libc.a
END GROUP
LOAD c:/program files/gnu tools arm embedded/8 2018-q4-major/bin/../lib/gcc/arm-none-eabi/8.2.1/thumb/v7-m/nofp/crtend.o
LOAD c:/program files/gnu tools arm embedded/8 2018-q4-major/bin/../lib/gcc/arm-none-eabi/8.2.1/thumb/v7-m/nofp/crtn.o
OUTPUT(MIDIUSB.elf elf32-littlearm)

.ARM.attributes
                0x00000000       0x29
 .ARM.attributes
                0x00000000       0x1d c:/program files/gnu tools arm embedded/8 2018-q4-major/bin/../lib/gcc/arm-none-eabi/8.2.1/thumb/v7-m/nofp/crti.o
 .ARM.attributes
                0x0000001d       0x2d c:/program files/gnu tools arm embedded/8 2018-q4-major/bin/../lib/gcc/arm-none-eabi/8.2.1/thumb/v7-m/nofp/crtbegin.o
 .ARM.attributes
                0x0000004a       0x2d ..\obj\stm32f1xx_hal_rcc_ex.o
 .ARM.attributes
                0x00000077       0x2d ..\obj\stm32f1xx_hal.o
 .ARM.attributes
                0x000000a4       0x2d ..\obj\halSystem.o
 .ARM.attributes
                0x000000d1       0x2d ..\obj\stm32f1xx_hal_cortex.o
 .ARM.attributes
                0x000000fe       0x2d ..\obj\system_stm32f1xx.o
 .ARM.attributes
                0x0000012b       0x2d ..\obj\stm32f1xx_hal_rcc.o
 .ARM.attributes
                0x00000158       0x2d ..\obj\midiEventQueue.o
 .ARM.attributes
                0x00000185       0x2d ..\obj\stm32f1xx_hal_pcd.o
 .ARM.attributes
                0x000001b2       0x2d ..\obj\halSystemTimer.o
 .ARM.attributes
                0x000001df       0x2d ..\obj\stm32f1xx_hal_uart.o
 .ARM.attributes
                0x0000020c       0x2d ..\obj\midiInput.o
 .ARM.attributes
                0x00000239       0x2d ..\obj\usbd_core.o
 .ARM.attributes
                0x00000266       0x2d ..\obj\halMIDIPort.o
 .ARM.attributes
                0x00000293       0x21 ..\obj\startup_stm32f103xb.o
 .ARM.attributes
                0x000002b4       0x2d ..\obj\sysHelpers.o
 .ARM.attributes
                0x000002e1       0x2d ..\obj\stm32f1xx_ll_usb.o
 .ARM.attributes
                0x0000030e       0x2d ..\obj\stm32f1xx_hal_gpio.o
 .ARM.attributes
                0x0000033b       0x2d ..\obj\stm32f1xx_hal_dma.o
 .ARM.attributes
                0x00000368       0x2d ..\obj\syscalls.o
 .ARM.attributes
                0x00000395       0x2d ..\obj\midiOutput.o
 .ARM.attributes
                0x000003c2       0x2d ..\obj\midiUSB.o
 .ARM.attributes
                0x000003ef       0x2d ..\obj\usbd_midi.o
 .ARM.attributes
                0x0000041c       0x2d ..\obj\usbd_ctlreq.o
 .ARM.attributes
                0x00000449       0x2d ..\obj\stm32f1xx_hal_pcd_ex.o
 .ARM.attributes
                0x00000476       0x2d ..\obj\usbd_ioreq.o
 .ARM.attributes
                0x000004a3       0x2d ..\obj\usbd_midi_desc.o
 .ARM.attributes
                0x000004d0       0x2d ..\obj\usbd_midi_conf.o
 .ARM.attributes
                0x000004fd       0x2d ..\obj\appMain.o
 .ARM.attributes
                0x0000052a       0x2d ..\obj\halMain.o
 .ARM.attributes
                0x00000557       0x1d c:/program files/gnu tools arm embedded/8 2018-q4-major/bin/../lib/gcc/arm-none-eabi/8.2.1/thumb/v7-m/nofp\libgcc.a(_arm_addsubsf3.o)
 .ARM.attributes
                0x00000574       0x1d c:/program files/gnu tools arm embedded/8 2018-q4-major/bin/../lib/gcc/arm-none-eabi/8.2.1/thumb/v7-m/nofp\libgcc.a(_arm_muldivsf3.o)
 .ARM.attributes
                0x00000591       0x1d c:/program files/gnu tools arm embedded/8 2018-q4-major/bin/../lib/gcc/arm-none-eabi/8.2.1/thumb/v7-m/nofp\libgcc.a(_arm_fixunssfsi.o)
 .ARM.attributes
                0x000005ae       0x2d c:/program files/gnu tools arm embedded/8 2018-q4-major/bin/../lib/gcc/arm-none-eabi/8.2.1/../../../../arm-none-eabi/lib/thumb/v7-m/nofp\libg.a(lib_a-impure.o)
 .ARM.attributes
                0x000005db       0x2d c:/program files/gnu tools arm embedded/8 2018-q4-major/bin/../lib/gcc/arm-none-eabi/8.2.1/../../../../arm-none-eabi/lib/thumb/v7-m/nofp\libg.a(lib_a-init.o)
 .ARM.attributes
                0x00000608       0x2d c:/program files/gnu tools arm embedded/8 2018-q4-major/bin/../lib/gcc/arm-none-eabi/8.2.1/../../../../arm-none-eabi/lib/thumb/v7-m/nofp\libg.a(lib_a-malloc.o)
 .ARM.attributes
                0x00000635       0x2d c:/program files/gnu tools arm embedded/8 2018-q4-major/bin/../lib/gcc/arm-none-eabi/8.2.1/../../../../arm-none-eabi/lib/thumb/v7-m/nofp\libg.a(lib_a-mallocr.o)
 .ARM.attributes
                0x00000662       0x2d c:/program files/gnu tools arm embedded/8 2018-q4-major/bin/../lib/gcc/arm-none-eabi/8.2.1/../../../../arm-none-eabi/lib/thumb/v7-m/nofp\libg.a(lib_a-memset.o)
 .ARM.attributes
                0x0000068f       0x2d c:/program files/gnu tools arm embedded/8 2018-q4-major/bin/../lib/gcc/arm-none-eabi/8.2.1/../../../../arm-none-eabi/lib/thumb/v7-m/nofp\libg.a(lib_a-mlock.o)
 .ARM.attributes
                0x000006bc       0x2d c:/program files/gnu tools arm embedded/8 2018-q4-major/bin/../lib/gcc/arm-none-eabi/8.2.1/../../../../arm-none-eabi/lib/thumb/v7-m/nofp\libg.a(lib_a-__call_atexit.o)
 .ARM.attributes
                0x000006e9       0x2d c:/program files/gnu tools arm embedded/8 2018-q4-major/bin/../lib/gcc/arm-none-eabi/8.2.1/../../../../arm-none-eabi/lib/thumb/v7-m/nofp\libg.a(lib_a-atexit.o)
 .ARM.attributes
                0x00000716       0x2d c:/program files/gnu tools arm embedded/8 2018-q4-major/bin/../lib/gcc/arm-none-eabi/8.2.1/../../../../arm-none-eabi/lib/thumb/v7-m/nofp\libg.a(lib_a-fini.o)
 .ARM.attributes
                0x00000743       0x2d c:/program files/gnu tools arm embedded/8 2018-q4-major/bin/../lib/gcc/arm-none-eabi/8.2.1/../../../../arm-none-eabi/lib/thumb/v7-m/nofp\libg.a(lib_a-freer.o)
 .ARM.attributes
                0x00000770       0x2d c:/program files/gnu tools arm embedded/8 2018-q4-major/bin/../lib/gcc/arm-none-eabi/8.2.1/../../../../arm-none-eabi/lib/thumb/v7-m/nofp\libg.a(lib_a-lock.o)
 .ARM.attributes
                0x0000079d       0x2d c:/program files/gnu tools arm embedded/8 2018-q4-major/bin/../lib/gcc/arm-none-eabi/8.2.1/../../../../arm-none-eabi/lib/thumb/v7-m/nofp\libg.a(lib_a-__atexit.o)
 .ARM.attributes
                0x000007ca       0x1d c:/program files/gnu tools arm embedded/8 2018-q4-major/bin/../lib/gcc/arm-none-eabi/8.2.1/thumb/v7-m/nofp/crtn.o

.comment        0x00000000       0x75
 .comment       0x00000000       0x75 ..\obj\stm32f1xx_hal_rcc_ex.o
                                 0x76 (size before relaxing)
 .comment       0x00000075       0x76 ..\obj\stm32f1xx_hal.o
 .comment       0x00000075       0x76 ..\obj\halSystem.o
 .comment       0x00000075       0x76 ..\obj\stm32f1xx_hal_cortex.o
 .comment       0x00000075       0x76 ..\obj\system_stm32f1xx.o
 .comment       0x00000075       0x76 ..\obj\stm32f1xx_hal_rcc.o
 .comment       0x00000075       0x76 ..\obj\midiEventQueue.o
 .comment       0x00000075       0x76 ..\obj\stm32f1xx_hal_pcd.o
 .comment       0x00000075       0x76 ..\obj\halSystemTimer.o
 .comment       0x00000075       0x76 ..\obj\stm32f1xx_hal_uart.o
 .comment       0x00000075       0x76 ..\obj\midiInput.o
 .comment       0x00000075       0x76 ..\obj\usbd_core.o
 .comment       0x00000075       0x76 ..\obj\halMIDIPort.o
 .comment       0x00000075       0x76 ..\obj\sysHelpers.o
 .comment       0x00000075       0x76 ..\obj\stm32f1xx_ll_usb.o
 .comment       0x00000075       0x76 ..\obj\stm32f1xx_hal_gpio.o
 .comment       0x00000075       0x76 ..\obj\stm32f1xx_hal_dma.o
 .comment       0x00000075       0x76 ..\obj\syscalls.o
 .comment       0x00000075       0x76 ..\obj\midiOutput.o
 .comment       0x00000075       0x76 ..\obj\midiUSB.o
 .comment       0x00000075       0x76 ..\obj\usbd_midi.o
 .comment       0x00000075       0x76 ..\obj\usbd_ctlreq.o
 .comment       0x00000075       0x76 ..\obj\stm32f1xx_hal_pcd_ex.o
 .comment       0x00000075       0x76 ..\obj\usbd_ioreq.o
 .comment       0x00000075       0x76 ..\obj\usbd_midi_desc.o
 .comment       0x00000075       0x76 ..\obj\usbd_midi_conf.o
 .comment       0x00000075       0x76 ..\obj\appMain.o
 .comment       0x00000075       0x76 ..\obj\halMain.o

.debug_info     0x00000000    0x1cc2d
 .debug_info    0x00000000      0xe1d ..\obj\stm32f1xx_hal_rcc_ex.o
 .debug_info    0x00000e1d      0xebf ..\obj\stm32f1xx_hal.o
 .debug_info    0x00001cdc     0x165a ..\obj\halSystem.o
 .debug_info    0x00003336     0x13c3 ..\obj\stm32f1xx_hal_cortex.o
 .debug_info    0x000046f9      0x3e4 ..\obj\system_stm32f1xx.o
 .debug_info    0x00004add     0x200c ..\obj\stm32f1xx_hal_rcc.o
 .debug_info    0x00006ae9      0x31a ..\obj\midiEventQueue.o
 .debug_info    0x00006e03     0x160f ..\obj\stm32f1xx_hal_pcd.o
 .debug_info    0x00008412      0xaea ..\obj\halSystemTimer.o
 .debug_info    0x00008efc     0x17b3 ..\obj\stm32f1xx_hal_uart.o
 .debug_info    0x0000a6af      0xe3a ..\obj\midiInput.o
 .debug_info    0x0000b4e9     0x1235 ..\obj\usbd_core.o
 .debug_info    0x0000c71e     0x115c ..\obj\halMIDIPort.o
 .debug_info    0x0000d87a       0x22 ..\obj\startup_stm32f103xb.o
 .debug_info    0x0000d89c      0x996 ..\obj\sysHelpers.o
 .debug_info    0x0000e232     0x17c3 ..\obj\stm32f1xx_ll_usb.o
 .debug_info    0x0000f9f5      0xef4 ..\obj\stm32f1xx_hal_gpio.o
 .debug_info    0x000108e9      0xe75 ..\obj\stm32f1xx_hal_dma.o
 .debug_info    0x0001175e      0xd6f ..\obj\syscalls.o
 .debug_info    0x000124cd      0xd88 ..\obj\midiOutput.o
 .debug_info    0x00013255     0x10b1 ..\obj\midiUSB.o
 .debug_info    0x00014306     0x1774 ..\obj\usbd_midi.o
 .debug_info    0x00015a7a     0x1192 ..\obj\usbd_ctlreq.o
 .debug_info    0x00016c0c      0xe9e ..\obj\stm32f1xx_hal_pcd_ex.o
 .debug_info    0x00017aaa      0xf74 ..\obj\usbd_ioreq.o
 .debug_info    0x00018a1e      0xc75 ..\obj\usbd_midi_desc.o
 .debug_info    0x00019693     0x1c6e ..\obj\usbd_midi_conf.o
 .debug_info    0x0001b301     0x18a3 ..\obj\appMain.o
 .debug_info    0x0001cba4       0x89 ..\obj\halMain.o

.debug_abbrev   0x00000000     0x4a01
 .debug_abbrev  0x00000000      0x32d ..\obj\stm32f1xx_hal_rcc_ex.o
 .debug_abbrev  0x0000032d      0x357 ..\obj\stm32f1xx_hal.o
 .debug_abbrev  0x00000684      0x26d ..\obj\halSystem.o
 .debug_abbrev  0x000008f1      0x3af ..\obj\stm32f1xx_hal_cortex.o
 .debug_abbrev  0x00000ca0      0x15e ..\obj\system_stm32f1xx.o
 .debug_abbrev  0x00000dfe      0x3b7 ..\obj\stm32f1xx_hal_rcc.o
 .debug_abbrev  0x000011b5      0x11f ..\obj\midiEventQueue.o
 .debug_abbrev  0x000012d4      0x358 ..\obj\stm32f1xx_hal_pcd.o
 .debug_abbrev  0x0000162c      0x217 ..\obj\halSystemTimer.o
 .debug_abbrev  0x00001843      0x32c ..\obj\stm32f1xx_hal_uart.o
 .debug_abbrev  0x00001b6f      0x2d6 ..\obj\midiInput.o
 .debug_abbrev  0x00001e45      0x2d2 ..\obj\usbd_core.o
 .debug_abbrev  0x00002117      0x29d ..\obj\halMIDIPort.o
 .debug_abbrev  0x000023b4       0x12 ..\obj\startup_stm32f103xb.o
 .debug_abbrev  0x000023c6      0x1e9 ..\obj\sysHelpers.o
 .debug_abbrev  0x000025af      0x2b5 ..\obj\stm32f1xx_ll_usb.o
 .debug_abbrev  0x00002864      0x2c2 ..\obj\stm32f1xx_hal_gpio.o
 .debug_abbrev  0x00002b26      0x2e2 ..\obj\stm32f1xx_hal_dma.o
 .debug_abbrev  0x00002e08      0x234 ..\obj\syscalls.o
 .debug_abbrev  0x0000303c      0x298 ..\obj\midiOutput.o
 .debug_abbrev  0x000032d4      0x2de ..\obj\midiUSB.o
 .debug_abbrev  0x000035b2      0x30c ..\obj\usbd_midi.o
 .debug_abbrev  0x000038be      0x308 ..\obj\usbd_ctlreq.o
 .debug_abbrev  0x00003bc6      0x254 ..\obj\stm32f1xx_hal_pcd_ex.o
 .debug_abbrev  0x00003e1a      0x234 ..\obj\usbd_ioreq.o
 .debug_abbrev  0x0000404e      0x29e ..\obj\usbd_midi_desc.o
 .debug_abbrev  0x000042ec      0x34b ..\obj\usbd_midi_conf.o
 .debug_abbrev  0x00004637      0x384 ..\obj\appMain.o
 .debug_abbrev  0x000049bb       0x46 ..\obj\halMain.o

.debug_aranges  0x00000000      0xd78
 .debug_aranges
                0x00000000       0x30 ..\obj\stm32f1xx_hal_rcc_ex.o
 .debug_aranges
                0x00000030       0xb0 ..\obj\stm32f1xx_hal.o
 .debug_aranges
                0x000000e0       0x40 ..\obj\halSystem.o
 .debug_aranges
                0x00000120      0x100 ..\obj\stm32f1xx_hal_cortex.o
 .debug_aranges
                0x00000220       0x28 ..\obj\system_stm32f1xx.o
 .debug_aranges
                0x00000248       0x88 ..\obj\stm32f1xx_hal_rcc.o
 .debug_aranges
                0x000002d0       0x40 ..\obj\midiEventQueue.o
 .debug_aranges
                0x00000310      0x120 ..\obj\stm32f1xx_hal_pcd.o
 .debug_aranges
                0x00000430       0x30 ..\obj\halSystemTimer.o
 .debug_aranges
                0x00000460      0x150 ..\obj\stm32f1xx_hal_uart.o
 .debug_aranges
                0x000005b0       0x58 ..\obj\midiInput.o
 .debug_aranges
                0x00000608       0xb8 ..\obj\usbd_core.o
 .debug_aranges
                0x000006c0       0x40 ..\obj\halMIDIPort.o
 .debug_aranges
                0x00000700       0x28 ..\obj\startup_stm32f103xb.o
 .debug_aranges
                0x00000728       0x28 ..\obj\sysHelpers.o
 .debug_aranges
                0x00000750      0x100 ..\obj\stm32f1xx_ll_usb.o
 .debug_aranges
                0x00000850       0x58 ..\obj\stm32f1xx_hal_gpio.o
 .debug_aranges
                0x000008a8       0x68 ..\obj\stm32f1xx_hal_dma.o
 .debug_aranges
                0x00000910       0x50 ..\obj\syscalls.o
 .debug_aranges
                0x00000960       0x48 ..\obj\midiOutput.o
 .debug_aranges
                0x000009a8       0x58 ..\obj\midiUSB.o
 .debug_aranges
                0x00000a00       0xa0 ..\obj\usbd_midi.o
 .debug_aranges
                0x00000aa0       0x88 ..\obj\usbd_ctlreq.o
 .debug_aranges
                0x00000b28       0x28 ..\obj\stm32f1xx_hal_pcd_ex.o
 .debug_aranges
                0x00000b50       0x50 ..\obj\usbd_ioreq.o
 .debug_aranges
                0x00000ba0       0x50 ..\obj\usbd_midi_desc.o
 .debug_aranges
                0x00000bf0      0x110 ..\obj\usbd_midi_conf.o
 .debug_aranges
                0x00000d00       0x58 ..\obj\appMain.o
 .debug_aranges
                0x00000d58       0x20 ..\obj\halMain.o

.debug_ranges   0x00000000      0xbb0
 .debug_ranges  0x00000000       0x20 ..\obj\stm32f1xx_hal_rcc_ex.o
 .debug_ranges  0x00000020       0xa0 ..\obj\stm32f1xx_hal.o
 .debug_ranges  0x000000c0       0x30 ..\obj\halSystem.o
 .debug_ranges  0x000000f0       0xf0 ..\obj\stm32f1xx_hal_cortex.o
 .debug_ranges  0x000001e0       0x18 ..\obj\system_stm32f1xx.o
 .debug_ranges  0x000001f8       0x78 ..\obj\stm32f1xx_hal_rcc.o
 .debug_ranges  0x00000270       0x30 ..\obj\midiEventQueue.o
 .debug_ranges  0x000002a0      0x110 ..\obj\stm32f1xx_hal_pcd.o
 .debug_ranges  0x000003b0       0x20 ..\obj\halSystemTimer.o
 .debug_ranges  0x000003d0      0x140 ..\obj\stm32f1xx_hal_uart.o
 .debug_ranges  0x00000510       0x48 ..\obj\midiInput.o
 .debug_ranges  0x00000558       0xa8 ..\obj\usbd_core.o
 .debug_ranges  0x00000600       0x30 ..\obj\halMIDIPort.o
 .debug_ranges  0x00000630       0x20 ..\obj\startup_stm32f103xb.o
 .debug_ranges  0x00000650       0x18 ..\obj\sysHelpers.o
 .debug_ranges  0x00000668       0xf0 ..\obj\stm32f1xx_ll_usb.o
 .debug_ranges  0x00000758       0x48 ..\obj\stm32f1xx_hal_gpio.o
 .debug_ranges  0x000007a0       0x58 ..\obj\stm32f1xx_hal_dma.o
 .debug_ranges  0x000007f8       0x40 ..\obj\syscalls.o
 .debug_ranges  0x00000838       0x38 ..\obj\midiOutput.o
 .debug_ranges  0x00000870       0x48 ..\obj\midiUSB.o
 .debug_ranges  0x000008b8       0x90 ..\obj\usbd_midi.o
 .debug_ranges  0x00000948       0x78 ..\obj\usbd_ctlreq.o
 .debug_ranges  0x000009c0       0x18 ..\obj\stm32f1xx_hal_pcd_ex.o
 .debug_ranges  0x000009d8       0x40 ..\obj\usbd_ioreq.o
 .debug_ranges  0x00000a18       0x40 ..\obj\usbd_midi_desc.o
 .debug_ranges  0x00000a58      0x100 ..\obj\usbd_midi_conf.o
 .debug_ranges  0x00000b58       0x48 ..\obj\appMain.o
 .debug_ranges  0x00000ba0       0x10 ..\obj\halMain.o

.debug_line     0x00000000     0xab73
 .debug_line    0x00000000      0x51c ..\obj\stm32f1xx_hal_rcc_ex.o
 .debug_line    0x0000051c      0x480 ..\obj\stm32f1xx_hal.o
 .debug_line    0x0000099c      0x465 ..\obj\halSystem.o
 .debug_line    0x00000e01      0x6d4 ..\obj\stm32f1xx_hal_cortex.o
 .debug_line    0x000014d5      0x295 ..\obj\system_stm32f1xx.o
 .debug_line    0x0000176a     0x11c6 ..\obj\stm32f1xx_hal_rcc.o
 .debug_line    0x00002930      0x266 ..\obj\midiEventQueue.o
 .debug_line    0x00002b96      0xba7 ..\obj\stm32f1xx_hal_pcd.o
 .debug_line    0x0000373d      0x2e0 ..\obj\halSystemTimer.o
 .debug_line    0x00003a1d      0xe4a ..\obj\stm32f1xx_hal_uart.o
 .debug_line    0x00004867      0x4fc ..\obj\midiInput.o
 .debug_line    0x00004d63      0x6b6 ..\obj\usbd_core.o
 .debug_line    0x00005419      0x3d0 ..\obj\halMIDIPort.o
 .debug_line    0x000057e9       0xba ..\obj\startup_stm32f103xb.o
 .debug_line    0x000058a3      0x16e ..\obj\sysHelpers.o
 .debug_line    0x00005a11      0x8d9 ..\obj\stm32f1xx_ll_usb.o
 .debug_line    0x000062ea      0x601 ..\obj\stm32f1xx_hal_gpio.o
 .debug_line    0x000068eb      0x9ff ..\obj\stm32f1xx_hal_dma.o
 .debug_line    0x000072ea      0x2f9 ..\obj\syscalls.o
 .debug_line    0x000075e3      0x5c2 ..\obj\midiOutput.o
 .debug_line    0x00007ba5      0x494 ..\obj\midiUSB.o
 .debug_line    0x00008039      0x5db ..\obj\usbd_midi.o
 .debug_line    0x00008614      0x7fa ..\obj\usbd_ctlreq.o
 .debug_line    0x00008e0e      0x2e9 ..\obj\stm32f1xx_hal_pcd_ex.o
 .debug_line    0x000090f7      0x3ac ..\obj\usbd_ioreq.o
 .debug_line    0x000094a3      0x3b6 ..\obj\usbd_midi_desc.o
 .debug_line    0x00009859      0x71d ..\obj\usbd_midi_conf.o
 .debug_line    0x00009f76      0xb6b ..\obj\appMain.o
 .debug_line    0x0000aae1       0x92 ..\obj\halMain.o

.debug_str      0x00000000     0x4489
 .debug_str     0x00000000      0x73c ..\obj\stm32f1xx_hal_rcc_ex.o
                                0x7dc (size before relaxing)
 .debug_str     0x0000073c      0x4e9 ..\obj\stm32f1xx_hal.o
                                0xb14 (size before relaxing)
 .debug_str     0x00000c25      0x7f3 ..\obj\halSystem.o
                                0xefe (size before relaxing)
 .debug_str     0x00001418      0x317 ..\obj\stm32f1xx_hal_cortex.o
                                0xccb (size before relaxing)
 .debug_str     0x0000172f       0x94 ..\obj\system_stm32f1xx.o
                                0x2f5 (size before relaxing)
 .debug_str     0x000017c3      0x1cb ..\obj\stm32f1xx_hal_rcc.o
                                0x9e7 (size before relaxing)
 .debug_str     0x0000198e      0x19a ..\obj\midiEventQueue.o
                                0x34c (size before relaxing)
 .debug_str     0x00001b28      0x3da ..\obj\stm32f1xx_hal_pcd.o
                                0xcb0 (size before relaxing)
 .debug_str     0x00001f02       0xa5 ..\obj\halSystemTimer.o
                                0x8f6 (size before relaxing)
 .debug_str     0x00001fa7      0x6b4 ..\obj\stm32f1xx_hal_uart.o
                                0xd58 (size before relaxing)
 .debug_str     0x0000265b      0x4da ..\obj\midiInput.o
                                0xb5c (size before relaxing)
 .debug_str     0x00002b35      0x201 ..\obj\usbd_core.o
                                0xb46 (size before relaxing)
 .debug_str     0x00002d36      0x108 ..\obj\halMIDIPort.o
                                0xd80 (size before relaxing)
 .debug_str     0x00002e3e       0x6d ..\obj\startup_stm32f103xb.o
                                 0xb1 (size before relaxing)
 .debug_str     0x00002eab       0x7c ..\obj\sysHelpers.o
                                0x5cb (size before relaxing)
 .debug_str     0x00002f27      0x2fb ..\obj\stm32f1xx_ll_usb.o
                                0xb3f (size before relaxing)
 .debug_str     0x00003222      0x189 ..\obj\stm32f1xx_hal_gpio.o
                                0x835 (size before relaxing)
 .debug_str     0x000033ab      0x16b ..\obj\stm32f1xx_hal_dma.o
                                0x915 (size before relaxing)
 .debug_str     0x00003516      0x1c5 ..\obj\syscalls.o
                                0x76f (size before relaxing)
 .debug_str     0x000036db      0x13f ..\obj\midiOutput.o
                                0xa61 (size before relaxing)
 .debug_str     0x0000381a      0x1e0 ..\obj\midiUSB.o
                                0xbb5 (size before relaxing)
 .debug_str     0x000039fa      0x25e ..\obj\usbd_midi.o
                                0xedb (size before relaxing)
 .debug_str     0x00003c58      0x145 ..\obj\usbd_ctlreq.o
                                0xacc (size before relaxing)
 .debug_str     0x00003d9d       0x97 ..\obj\stm32f1xx_hal_pcd_ex.o
                                0x96c (size before relaxing)
 .debug_str     0x00003e34       0xda ..\obj\usbd_ioreq.o
                                0xa54 (size before relaxing)
 .debug_str     0x00003f0e      0x151 ..\obj\usbd_midi_desc.o
                                0x829 (size before relaxing)
 .debug_str     0x0000405f      0x179 ..\obj\usbd_midi_conf.o
                               0x12ca (size before relaxing)
 .debug_str     0x000041d8      0x254 ..\obj\appMain.o
                                0xdaa (size before relaxing)
 .debug_str     0x0000442c       0x5d ..\obj\halMain.o
                                0x1bd (size before relaxing)

.debug_frame    0x00000000     0x3708
 .debug_frame   0x00000000       0x84 ..\obj\stm32f1xx_hal_rcc_ex.o
 .debug_frame   0x00000084      0x278 ..\obj\stm32f1xx_hal.o
 .debug_frame   0x000002fc       0xb4 ..\obj\halSystem.o
 .debug_frame   0x000003b0      0x428 ..\obj\stm32f1xx_hal_cortex.o
 .debug_frame   0x000007d8       0x58 ..\obj\system_stm32f1xx.o
 .debug_frame   0x00000830      0x220 ..\obj\stm32f1xx_hal_rcc.o
 .debug_frame   0x00000a50       0xd4 ..\obj\midiEventQueue.o
 .debug_frame   0x00000b24      0x4fc ..\obj\stm32f1xx_hal_pcd.o
 .debug_frame   0x00001020       0x64 ..\obj\halSystemTimer.o
 .debug_frame   0x00001084      0x5dc ..\obj\stm32f1xx_hal_uart.o
 .debug_frame   0x00001660      0x128 ..\obj\midiInput.o
 .debug_frame   0x00001788      0x300 ..\obj\usbd_core.o
 .debug_frame   0x00001a88       0xb8 ..\obj\halMIDIPort.o
 .debug_frame   0x00001b40       0x58 ..\obj\sysHelpers.o
 .debug_frame   0x00001b98      0x4b0 ..\obj\stm32f1xx_ll_usb.o
 .debug_frame   0x00002048      0x14c ..\obj\stm32f1xx_hal_gpio.o
 .debug_frame   0x00002194      0x194 ..\obj\stm32f1xx_hal_dma.o
 .debug_frame   0x00002328      0x124 ..\obj\syscalls.o
 .debug_frame   0x0000244c       0xe0 ..\obj\midiOutput.o
 .debug_frame   0x0000252c      0x108 ..\obj\midiUSB.o
 .debug_frame   0x00002634      0x2a4 ..\obj\usbd_midi.o
 .debug_frame   0x000028d8      0x210 ..\obj\usbd_ctlreq.o
 .debug_frame   0x00002ae8       0x60 ..\obj\stm32f1xx_hal_pcd_ex.o
 .debug_frame   0x00002b48      0x10c ..\obj\usbd_ioreq.o
 .debug_frame   0x00002c54      0x114 ..\obj\usbd_midi_desc.o
 .debug_frame   0x00002d68      0x478 ..\obj\usbd_midi_conf.o
 .debug_frame   0x000031e0      0x134 ..\obj\appMain.o
 .debug_frame   0x00003314       0x2c ..\obj\halMain.o
 .debug_frame   0x00003340       0x4c c:/program files/gnu tools arm embedded/8 2018-q4-major/bin/../lib/gcc/arm-none-eabi/8.2.1/thumb/v7-m/nofp\libgcc.a(_arm_addsubsf3.o)
 .debug_frame   0x0000338c       0x38 c:/program files/gnu tools arm embedded/8 2018-q4-major/bin/../lib/gcc/arm-none-eabi/8.2.1/thumb/v7-m/nofp\libgcc.a(_arm_muldivsf3.o)
 .debug_frame   0x000033c4       0x24 c:/program files/gnu tools arm embedded/8 2018-q4-major/bin/../lib/gcc/arm-none-eabi/8.2.1/thumb/v7-m/nofp\libgcc.a(_arm_fixunssfsi.o)
 .debug_frame   0x000033e8       0x2c c:/program files/gnu tools arm embedded/8 2018-q4-major/bin/../lib/gcc/arm-none-eabi/8.2.1/../../../../arm-none-eabi/lib/thumb/v7-m/nofp\libg.a(lib_a-init.o)
 .debug_frame   0x00003414       0x30 c:/program files/gnu tools arm embedded/8 2018-q4-major/bin/../lib/gcc/arm-none-eabi/8.2.1/../../../../arm-none-eabi/lib/thumb/v7-m/nofp\libg.a(lib_a-malloc.o)
 .debug_frame   0x00003444       0x4c c:/program files/gnu tools arm embedded/8 2018-q4-major/bin/../lib/gcc/arm-none-eabi/8.2.1/../../../../arm-none-eabi/lib/thumb/v7-m/nofp\libg.a(lib_a-mallocr.o)
 .debug_frame   0x00003490       0x38 c:/program files/gnu tools arm embedded/8 2018-q4-major/bin/../lib/gcc/arm-none-eabi/8.2.1/../../../../arm-none-eabi/lib/thumb/v7-m/nofp\libg.a(lib_a-memset.o)
 .debug_frame   0x000034c8       0x30 c:/program files/gnu tools arm embedded/8 2018-q4-major/bin/../lib/gcc/arm-none-eabi/8.2.1/../../../../arm-none-eabi/lib/thumb/v7-m/nofp\libg.a(lib_a-mlock.o)
 .debug_frame   0x000034f8       0x5c c:/program files/gnu tools arm embedded/8 2018-q4-major/bin/../lib/gcc/arm-none-eabi/8.2.1/../../../../arm-none-eabi/lib/thumb/v7-m/nofp\libg.a(lib_a-__call_atexit.o)
 .debug_frame   0x00003554       0x20 c:/program files/gnu tools arm embedded/8 2018-q4-major/bin/../lib/gcc/arm-none-eabi/8.2.1/../../../../arm-none-eabi/lib/thumb/v7-m/nofp\libg.a(lib_a-atexit.o)
 .debug_frame   0x00003574       0x34 c:/program files/gnu tools arm embedded/8 2018-q4-major/bin/../lib/gcc/arm-none-eabi/8.2.1/../../../../arm-none-eabi/lib/thumb/v7-m/nofp\libg.a(lib_a-fini.o)
 .debug_frame   0x000035a8       0x80 c:/program files/gnu tools arm embedded/8 2018-q4-major/bin/../lib/gcc/arm-none-eabi/8.2.1/../../../../arm-none-eabi/lib/thumb/v7-m/nofp\libg.a(lib_a-freer.o)
 .debug_frame   0x00003628       0xb0 c:/program files/gnu tools arm embedded/8 2018-q4-major/bin/../lib/gcc/arm-none-eabi/8.2.1/../../../../arm-none-eabi/lib/thumb/v7-m/nofp\libg.a(lib_a-lock.o)
 .debug_frame   0x000036d8       0x30 c:/program files/gnu tools arm embedded/8 2018-q4-major/bin/../lib/gcc/arm-none-eabi/8.2.1/../../../../arm-none-eabi/lib/thumb/v7-m/nofp\libg.a(lib_a-__atexit.o)
